// Jest Snapshot v1, https://goo.gl/fbAQLP

exports[`<App /> is matches snapshot 1`] = `
<div>
  <h1>
    Hello world
  </h1>
</div>
`;
